// Jest Snapshot v1, https://goo.gl/fbAQLP

exports[`<Card /> renders Card component correctly 1`] = `
<div>
  <div
    class="sc-hKMtZM dyWGJP carta-box"
  >
    <div
      class="sc-eCYdqJ gQoXJc carta"
    >
      <div
        class="sc-jSMfEi dDKeIo cara"
      >
        <img
          alt="image of Rick Sanchez"
          class="sc-iBkjds hZRQKk"
          src="https://rickandmortyapi.com/api/character/avatar/1.jpeg"
        />
      </div>
      <div
        class="sc-gKXOVf UkGoI cara detras"
      >
        <h3
          class="sc-ftvSup izWOfp"
        >
          Rick Sanchez
        </h3>
        <p
          class="sc-papXJ jtpQEk"
        >
          <svg
            class="sc-dkzDqf dENapR"
            viewBox="0 0 512 512"
            xmlns="http://www.w3.org/2000/svg"
          >
            <path
              d="M0 256C0 114.6 114.6 0 256 0C397.4 0 512 114.6 512 256C512 397.4 397.4 512 256 512C114.6 512 0 397.4 0 256zM176.4 240C194 240 208.4 225.7 208.4 208C208.4 190.3 194 176 176.4 176C158.7 176 144.4 190.3 144.4 208C144.4 225.7 158.7 240 176.4 240zM336.4 176C318.7 176 304.4 190.3 304.4 208C304.4 225.7 318.7 240 336.4 240C354 240 368.4 225.7 368.4 208C368.4 190.3 354 176 336.4 176zM160 336C151.2 336 144 343.2 144 352C144 360.8 151.2 368 160 368H352C360.8 368 368 360.8 368 352C368 343.2 360.8 336 352 336H160z"
            />
          </svg>
          Alive
           - 
          Human
        </p>
        <div>
          <span>
            From: 
          </span>
          <p
            class="sc-kDDrLX bmioTm"
          >
             
            Earth (C-137)
          </p>
        </div>
        <div>
          <span>
            Last known location: 
          </span>
          <a
            class="navlink"
            href="/location/3"
          >
            <p
              class="sc-iqcoie cmpjzO"
            >
              Citadel of Ricks
            </p>
          </a>
        </div>
        <div
          style="display: flex; justify-content: space-between;"
        >
          <button
            class="sc-gsnTZi gkpCAO"
          >
            <p>
              Agregar a Favoritos
            </p>
            <svg
              class="sc-bczRLJ dpVPwQ"
              viewBox="0 0 640 512"
              xmlns="http://www.w3.org/2000/svg"
            >
              <path
                d="M528 448H112c-8.8 0-16 7.2-16 16v32c0 8.8 7.2 16 16 16h416c8.8 0 16-7.2 16-16v-32c0-8.8-7.2-16-16-16zm64-320c-26.5 0-48 21.5-48 48 0 7.1 1.6 13.7 4.4 19.8L476 239.2c-15.4 9.2-35.3 4-44.2-11.6L350.3 85C361 76.2 368 63 368 48c0-26.5-21.5-48-48-48s-48 21.5-48 48c0 15 7 28.2 17.7 37l-81.5 142.6c-8.9 15.6-28.9 20.8-44.2 11.6l-72.3-43.4c2.7-6 4.4-12.7 4.4-19.8 0-26.5-21.5-48-48-48S0 149.5 0 176s21.5 48 48 48c2.6 0 5.2-.4 7.7-.8L128 416h384l72.3-192.8c2.5.4 5.1.8 7.7.8 26.5 0 48-21.5 48-48s-21.5-48-48-48z"
              />
            </svg>
          </button>
          <a
            class=""
            href="/character/1"
          />
        </div>
      </div>
    </div>
  </div>
</div>
`;
